Diagnose log at 2026-08-01T12:28:15Z

AppPath: C:\Program Files\Git\mingw64\bin\git-credential-manager.exe
InstallDir: C:\Program Files\Git\mingw64\bin\
Version: 2.6.1+786ab03440ddc82e807a97c0e540f5247e44cec6

------------
Diagnostic: Environment
Skipped: False
Success: True
Exception: None
Log:
OSType: Windows
OSVersion: 10.0 (build 26200)
Reading environment variables... OK
 Variables:
HOMEPATH=\Users\kansa
DriverData=C:\Windows\System32\Drivers\DriverData
COMPUTERNAME=SATHVIK
GIT_TRACE2_PARENT_SID=c109ca3c-d524-4b1d-9f20-b69e66b6e3e8
CommonProgramFiles(x86)=C:\Program Files (x86)\Common Files
OneDrive=C:\Users\kansa\OneDrive
ChocolateyLastPathUpdate=133994761258950177
SESSIONNAME=Console
LANG=en_US.UTF-8
TMP=C:\Users\kansa\AppData\Local\Temp
PROCESSOR_REVISION=ba02
PATHEXT=.COM;.EXE;.BAT;.CMD;.VBS;.VBE;.JS;.JSE;.WSF;.WSH;.MSC;.PY;.PYW;.CPL
USERNAME=kansa
GITHUB_TOKEN=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
GIT_EXEC_PATH=C:/Program Files/Git/mingw64/libexec/git-core
TEMP=C:\Users\kansa\AppData\Local\Temp
LOCALAPPDATA=C:\Users\kansa\AppData\Local
MSYSTEM=MINGW64
TERM=xterm-256color
PSModulePath=C:\Users\kansa\Documents\WindowsPowerShell\Modules;C:\Program Files\WindowsPowerShell\Modules;C:\WINDOWS\system32\WindowsPowerShell\v1.0\Modules
VSCODE_PYTHON_AUTOACTIVATE_GUARD=1
ProgramW6432=C:\Program Files
JAVA_HOME=C:\Program Files\Eclipse Adoptium\jdk-25.0.1.8-hotspot\
USERDOMAIN=SATHVIK
TERM_PROGRAM=kiro
Path=C:/Program Files/Git/mingw64/libexec/git-core;C:\Program Files\Git\mingw64\bin;C:\Program Files\Git\usr\bin;C:\Users\kansa\bin;C:\Program Files\Eclipse Adoptium\jdk-25.0.1.8-hotspot\bin;C:\Python313\Scripts\;C:\Python313\;C:\Program Files (x86)\Common Files\Oracle\Java\java8path;C:\Program Files (x86)\Common Files\Oracle\Java\javapath;C:\Windows\system32;C:\Windows;C:\Windows\System32\Wbem;C:\Windows\System32\WindowsPowerShell\v1.0\;C:\Windows\System32\OpenSSH\;C:\Program Files\dotnet\;C:\Program Files (x86)\NVIDIA Corporation\PhysX\Common;C:\Program Files (x86)\Windows Kits\10\Windows Performance Toolkit\;C:\WINDOWS\system32;C:\WINDOWS;C:\WINDOWS\System32\Wbem;C:\WINDOWS\System32\WindowsPowerShell\v1.0\;C:\WINDOWS\System32\OpenSSH\;C:\Program Files\NVIDIA Corporation\NVIDIA app\NvDLISR;C:\Program Files\nodejs\;C:\ProgramData\chocolatey\bin;C:\Program Files\Git\cmd;C:\Program Files\Docker\Docker\resources\bin;C:\Program Files\GitHub CLI\;C:\Users\kansa\OneDrive\Documents\javascript\Personal\ucrt64\bin;C:\Users\kansa\AppData\Local\Programs\Python\Python312\Scripts\;C:\Users\kansa\AppData\Local\Programs\Python\Python312\;C:\Users\kansa\AppData\Local\Programs\Python\Launcher\;C:\Users\kansa\AppData\Local\Microsoft\WindowsApps;C:\Users\kansa\AppData\Local\Programs\Microsoft VS Code\bin;C:\Users\kansa\AppData\Roaming\npm;C:\Users\kansa\AppData\Local\Programs\Kiro\bin;C:\Users\kansa\AppData\Local\Kingsoft\WPS Office\12.1.0.27458\clitool;C:\Users\kansa\AppData\Local\Programs\cursor\resources\app\bin
WPSCLI_HOME=C:\Users\kansa\AppData\Local\Kingsoft\WPS Office\12.1.0.27458\clitool
PROCESSOR_LEVEL=6
PROCESSOR_IDENTIFIER=Intel64 Family 6 Model 186 Stepping 2, GenuineIntel
TMPDIR=C:\Users\kansa\AppData\Local\Temp
VSCODE_GIT_ASKPASS_EXTRA_ARGS=
TERM_PROGRAM_VERSION=0.12.333
SQLPAD_DB_PATH=C:\sqlpad-data
ProgramFiles(x86)=C:\Program Files (x86)
PUBLIC=C:\Users\Public
NUMBER_OF_PROCESSORS=16
FPS_BROWSER_USER_PROFILE_STRING=Default
CommonProgramFiles=C:\Program Files (x86)\Common Files
VSCODE_INJECTION=1
VSCODE_GIT_IPC_HANDLE=\\.\pipe\vscode-git-ef8f3f113c-sock
IGCCSVC_DB=AQAAANCMnd8BFdERjHoAwE/Cl+sBAAAAr3yoxPmack+AOWjiCLQdowQAAAACAAAAAAAQZgAAAAEAACAAAACcKkBt3DAKddHsUbaxh2Wgb4Vm1qsA1Ra8GlmaXh2JVgAAAAAOgAAAAAIAACAAAADCdeW5hcqRG0WW3Tkfe/H7nxfyMULkYVhJoaZ1QTH80WAAAABURgNz1taCcolGKEreEmLl/Egj2V0afOediN1IBb2CNeyeIQd/FnhIQR4wNfluJ9pmOJYekmuEn0lrQqkT46YNVY4vlBdrOgwcx2jCZJrdls0jHGvwOhVSMb0DhuvSMMpAAAAAV4eWx2xCIbpha1EgpLwjgq54oRXqN/CgnkxkM7hNFT9R27mbHVX1/2aBIgrGb6r63pRbkWRUR6QDCNyUc5skOw==
VSCODE_GIT_ASKPASS_MAIN=c:\Users\kansa\AppData\Local\Programs\Kiro\resources\app\extensions\git\dist\askpass-main.js
PLINK_PROTOCOL=ssh
ProgramData=C:\ProgramData
ProgramFiles=C:\Program Files (x86)
ChocolateyInstall=C:\Users\kansa\Downloads\winlibs-x86_64-posix-seh-gcc-15.2.0-mingw-w64ucrt-14.0.0-r7\mingw64\bin
VSCODE_GIT_ASKPASS_NODE=C:\Users\kansa\AppData\Local\Programs\Kiro\Kiro.exe
SystemRoot=C:\WINDOWS
GIT_ASKPASS=c:\Users\kansa\AppData\Local\Programs\Kiro\resources\app\extensions\git\dist\askpass.sh
HOME=C:\Users\kansa
CommonProgramW6432=C:\Program Files\Common Files
ZES_ENABLE_SYSMAN=1
LOGONSERVER=\\SATHVIK
USERPROFILE=C:\Users\kansa
EFC_15060_4126798990=1
COLORTERM=truecolor
USERDOMAIN_ROAMINGPROFILE=SATHVIK
APPDATA=C:\Users\kansa\AppData\Roaming
HOMEDRIVE=C:
OPENSSL_CONF=C:\Program Files (x86)\PostgreSQL\psqlODBC\etc\openssl.cnf
CHROME_CRASHPAD_PIPE_NAME=\\.\pipe\crashpad_26464_LHWWGSWTOHJACNJF
PROCESSOR_ARCHITEW6432=AMD64
FPS_BROWSER_APP_PROFILE_STRING=Internet Explorer
PROCESSOR_ARCHITECTURE=x86
OS=Windows_NT
ComSpec=C:\WINDOWS\system32\cmd.exe
EFC_15060_1592913036=1
SystemDrive=C:
windir=C:\WINDOWS
OneDriveConsumer=C:\Users\kansa\OneDrive
ALLUSERSPROFILE=C:\ProgramData


------------
Diagnostic: File system
Skipped: False
Success: True
Exception: None
Log:
Temporary directory is 'C:\Users\kansa\AppData\Local\Temp\'...
Checking basic file I/O...
Writing to temporary file 'C:\Users\kansa\AppData\Local\Temp\397f4633ad146609c5adf907'... OK
Reading from temporary file 'C:\Users\kansa\AppData\Local\Temp\397f4633ad146609c5adf907'... OK
Deleting temporary file 'C:\Users\kansa\AppData\Local\Temp\397f4633ad146609c5adf907'... OK
Testing IFileSystem instance...
UserHomePath: C:\Users\kansa
UserDataDirectoryPath: C:\Users\kansa\.gcm
GetCurrentDirectory(): C:\Users\kansa\OneDrive\Documents\Tech Tournament\tournament-event

------------
Diagnostic: Networking
Skipped: False
Success: True
Exception: None
Log:
Checking networking and HTTP stack...
Creating HTTP client... OK
IsNetworkAvailable: True
Sending HEAD request to http://example.com...Sending HEAD request to https://example.com... OK
 OK
Acquiring free TCP port... OK
Testing local HTTP loopback connections...
Creating new HTTP listener for http://localhost:64718/... OK
Waiting for loopback connection... OK
Writing response... OK
Waiting for response data... OK
Loopback connection data OK

------------
Diagnostic: Git
Skipped: False
Success: True
Exception: None
Log:
Getting Git version... OK
Git version is '2.52.0.windows.1'
Locating current repository...Git repository at 'C:/Users/kansa/OneDrive/Documents/Tech Tournament/tournament-event/.git'
 OK
Listing all Git configuration... OK
Git configuration:
file:C:/Program Files/Git/etc/gitconfig	diff.astextplain.textconv=astextplain
file:C:/Program Files/Git/etc/gitconfig	filter.lfs.clean=git-lfs clean -- %f
file:C:/Program Files/Git/etc/gitconfig	filter.lfs.smudge=git-lfs smudge -- %f
file:C:/Program Files/Git/etc/gitconfig	filter.lfs.process=git-lfs filter-process
file:C:/Program Files/Git/etc/gitconfig	filter.lfs.required=true
file:C:/Program Files/Git/etc/gitconfig	http.sslbackend=schannel
file:C:/Program Files/Git/etc/gitconfig	core.autocrlf=true
file:C:/Program Files/Git/etc/gitconfig	core.fscache=true
file:C:/Program Files/Git/etc/gitconfig	core.symlinks=false
file:C:/Program Files/Git/etc/gitconfig	pull.rebase=false
file:C:/Program Files/Git/etc/gitconfig	credential.helper=manager
file:C:/Program Files/Git/etc/gitconfig	credential.https://dev.azure.com.usehttppath=true
file:C:/Program Files/Git/etc/gitconfig	init.defaultbranch=master
file:C:/Users/kansa/.gitconfig	user.name=Sathvik103
file:C:/Users/kansa/.gitconfig	user.email=kansathv@@gmail.com
file:C:/Users/kansa/.gitconfig	credential.helper=manager
file:C:/Users/kansa/.gitconfig	credential.https://github.com.helper=
file:C:/Users/kansa/.gitconfig	credential.https://github.com.helper=!'C:\Program Files\GitHub CLI\gh.exe' auth git-credential
file:C:/Users/kansa/.gitconfig	credential.https://gist.github.com.helper=
file:C:/Users/kansa/.gitconfig	credential.https://gist.github.com.helper=!'C:\Program Files\GitHub CLI\gh.exe' auth git-credential
file:.git/config	core.repositoryformatversion=0
file:.git/config	core.filemode=false
file:.git/config	core.bare=false
file:.git/config	core.logallrefupdates=true
file:.git/config	core.symlinks=false
file:.git/config	core.ignorecase=true
file:.git/config	remote.origin.url=https://github.com/TechTeam2024/tournament-event.git
file:.git/config	remote.origin.fetch=+refs/heads/*:refs/remotes/origin/*
file:.git/config	branch.main.remote=origin
file:.git/config	branch.main.merge=refs/heads/main
file:.git/config	branch.main.vscode-merge-base=origin/main
file:.git/config	branch.Sathvik.vscode-merge-base=origin/main
file:.git/config	branch.Sathvik.remote=origin
file:.git/config	branch.Sathvik.merge=refs/heads/Sathvik
file:.git/config	branch.vennela-ui.remote=origin
file:.git/config	branch.vennela-ui.merge=refs/heads/vennela-ui
file:.git/config	branch.vennela-ui.vscode-merge-base=origin/vennela-ui


------------
Diagnostic: Credential storage
Skipped: False
Success: True
Exception: None
Log:
ICredentialStore instance is of type: CredentialStore
Writing test credential... OK
Reading test credential... OK
Deleting test credential... OK

------------
Diagnostic: Microsoft authentication (AAD/MSA)
Skipped: False
Success: True
Exception: None
Log:
Broker is not enabled.
Flow type is: Auto
Gathering MSAL token cache data... OK
CacheDirectory: C:\Users\kansa\AppData\Local\.IdentityService
CacheFileName: msal.cache
CacheFilePath: C:\Users\kansa\AppData\Local\.IdentityService\msal.cache
Creating cache helper... OK
Verifying MSAL token cache persistence... OK

------------
Diagnostic: GitHub API
Skipped: False
Success: True
Exception: None
Log:
Using 'https://github.com/' as API target.
Querying '/meta' endpoint... OK

